"\w+ \d{3} "
"Remove numbers {#7 #3 digits}"
"Remove"
""
"(\w+|\.) +(\d{2}) "
"Replace long blank characters & numbers{#2} adding '_' char"
"Replace"
"$1_"
"-+\r\n"
"Remove '-' characters"
"Remove"
""
"(<p>|</p>) +\d{2} NULL"
"Replace long spaces and digit{#2} to '' after <p> or </p>"
"Replace"
"$1"
"/\d+].*"
"Remove all after '/'"
"Remove"
""
"\["
"Remove '['"
"Remove"
""
" .*"
"Remove all after <SPACE>"
"Remove"
""
"(<.+>)\n([^\w])"
"Replace CrLf with '' after '<>' tags"
"Replace"
"$1$2"
","
"Replace , with ',_,'"
"Replace"
",_,"
"\n|\r\n"
"Replace Cr OR CrLf with <SPACE>"
"Replace"
" "
"(<p>) "
"Remove space after '<p>' and add Cr before '<p>'"
"Replace"
"$n$1 "
"(</p>)"
"Add Cr after '</p>'"
"Replace"
"$1$n"
"(<h>)"
"Add Cr before '<h>'"
"Replace"
"$n$1"
"(</h>)"
"Add Cr after '</h>'"
"Replace"
"$1$n"
"(<date>)"
"Add Cr before '<date>'"
"Replace"
"$n$1"
"(</date>)"
"Add Cr after '</date>'"
"Replace"
"$1$n"
" (<#>)"
"Replace <SPACE> to '' before <#>"
"Replace"
"$1"
"(<#/> Staff_NN writer_NN1)"
"Add CrLf before Staff_Writer"
"Replace"
"$n$1$n"
